// Jest Snapshot v1, https://goo.gl/fbAQLP

exports[`shop/mypage/Mypage component 마이페이지 렌더링 테스트 1`] = `
<BrowserRouter>
  <Router
    history={
      Object {
        "action": "POP",
        "block": [Function],
        "createHref": [Function],
        "go": [Function],
        "goBack": [Function],
        "goForward": [Function],
        "length": 1,
        "listen": [Function],
        "location": Object {
          "hash": "",
          "pathname": "/",
          "search": "",
          "state": undefined,
        },
        "push": [Function],
        "replace": [Function],
      }
    }
  >
    <Mypage>
      <Header>
        <Navbar
          className="shadow-none pt-0 pl-3 pb-0  pr-3"
          color="info"
          dark={true}
          expand="sm"
          sticky="top"
          tag="nav"
        >
          <nav
            className="shadow-none pt-0 pl-3 pb-0  pr-3 navbar navbar-expand-sm navbar-dark bg-info sticky-top"
          >
            <NavbarBrand
              tag={[Function]}
              to="/"
            >
              <Link
                className="navbar-brand"
                replace={false}
                to="/"
              >
                <a
                  className="navbar-brand"
                  href="/"
                  onClick={[Function]}
                >
                  <BloceryLogoWhite
                    style={
                      Object {
                        "height": "100%",
                        "width": "100px",
                      }
                    }
                  >
                    <img
                      src="Blocery_logo_white.png"
                      style={
                        Object {
                          "height": "100%",
                          "width": "100px",
                        }
                      }
                    />
                  </BloceryLogoWhite>
                </a>
              </Link>
            </NavbarBrand>
            <Nav
              className="ml-auto"
              navbar={true}
              tag="ul"
              vertical={false}
            >
              <ul
                className="ml-auto navbar-nav"
              >
                <NavItem
                  tag="li"
                >
                  <li
                    className="nav-item"
                  >
                    <NavLink
                      tag={[Function]}
                      to="/#"
                    >
                      <Link
                        className="nav-link"
                        onClick={[Function]}
                        replace={false}
                        to="/#"
                      >
                        <a
                          className="nav-link"
                          href="/"
                          onClick={[Function]}
                        >
                          <FontAwesomeIcon
                            border={false}
                            className=""
                            fixedWidth={false}
                            flip={null}
                            icon={
                              Object {
                                "icon": Array [
                                  576,
                                  512,
                                  Array [],
                                  "f07a",
                                  "M528.12 301.319l47.273-208C578.806 78.301 567.391 64 551.99 64H159.208l-9.166-44.81C147.758 8.021 137.93 0 126.529 0H24C10.745 0 0 10.745 0 24v16c0 13.255 10.745 24 24 24h69.883l70.248 343.435C147.325 417.1 136 435.222 136 456c0 30.928 25.072 56 56 56s56-25.072 56-56c0-15.674-6.447-29.835-16.824-40h209.647C430.447 426.165 424 440.326 424 456c0 30.928 25.072 56 56 56s56-25.072 56-56c0-22.172-12.888-41.332-31.579-50.405l5.517-24.276c3.413-15.018-8.002-29.319-23.403-29.319H218.117l-6.545-32h293.145c11.206 0 20.92-7.754 23.403-18.681z",
                                ],
                                "iconName": "shopping-cart",
                                "prefix": "fas",
                              }
                            }
                            inverse={false}
                            listItem={false}
                            mask={null}
                            pull={null}
                            pulse={false}
                            rotation={null}
                            size="sm"
                            spin={false}
                            symbol={false}
                            title=""
                            transform={null}
                          >
                            <svg
                              aria-hidden="true"
                              className="svg-inline--fa fa-shopping-cart fa-w-18 fa-sm "
                              data-icon="shopping-cart"
                              data-prefix="fas"
                              focusable="false"
                              role="img"
                              style={Object {}}
                              viewBox="0 0 576 512"
                              xmlns="http://www.w3.org/2000/svg"
                            >
                              <path
                                d="M528.12 301.319l47.273-208C578.806 78.301 567.391 64 551.99 64H159.208l-9.166-44.81C147.758 8.021 137.93 0 126.529 0H24C10.745 0 0 10.745 0 24v16c0 13.255 10.745 24 24 24h69.883l70.248 343.435C147.325 417.1 136 435.222 136 456c0 30.928 25.072 56 56 56s56-25.072 56-56c0-15.674-6.447-29.835-16.824-40h209.647C430.447 426.165 424 440.326 424 456c0 30.928 25.072 56 56 56s56-25.072 56-56c0-22.172-12.888-41.332-31.579-50.405l5.517-24.276c3.413-15.018-8.002-29.319-23.403-29.319H218.117l-6.545-32h293.145c11.206 0 20.92-7.754 23.403-18.681z"
                                fill="currentColor"
                                style={Object {}}
                              />
                            </svg>
                          </FontAwesomeIcon>
                        </a>
                      </Link>
                    </NavLink>
                  </li>
                </NavItem>
              </ul>
            </Nav>
          </nav>
        </Navbar>
      </Header>
      <Container
        fluid={true}
        tag="div"
      >
        <div
          className="container-fluid"
        >
          <br />
          <Row
            tag="div"
          >
            <div
              className="row"
            >
              <Col
                tag="div"
                widths={
                  Array [
                    "xs",
                    "sm",
                    "md",
                    "lg",
                    "xl",
                  ]
                }
                xs="9"
              >
                <div
                  className="col-9"
                >
                  <h6
                    className="text-secondary"
                  >
                    로그인이 필요한 화면입니다.
                  </h6>
                </div>
              </Col>
              <Col
                tag="div"
                widths={
                  Array [
                    "xs",
                    "sm",
                    "md",
                    "lg",
                    "xl",
                  ]
                }
                xs="3"
              >
                <div
                  className="col-3"
                >
                  <Button
                    className="float-right"
                    color="secondary"
                    onClick={[Function]}
                    size="sm"
                    tag="button"
                  >
                    <button
                      className="float-right btn btn-secondary btn-sm"
                      onClick={[Function]}
                      type="button"
                    >
                      로그인
                    </button>
                  </Button>
                </div>
              </Col>
            </div>
          </Row>
          <br />
            
        </div>
      </Container>
      <ToastContainer
        autoClose={5000}
        bodyClassName={null}
        className={null}
        closeButton={
          <CloseButton
            ariaLabel="close"
          />
        }
        closeOnClick={true}
        draggable={true}
        draggablePercent={80}
        hideProgressBar={false}
        newestOnTop={false}
        pauseOnFocusLoss={true}
        pauseOnHover={true}
        position="top-right"
        progressClassName={null}
        progressStyle={null}
        rtl={false}
        style={null}
        toastClassName={null}
        transition={[Function]}
      >
        <div
          className="Toastify"
        />
      </ToastContainer>
    </Mypage>
  </Router>
</BrowserRouter>
`;
